(program
 (define b (void))
 (set-global!
  b
  (lambda () (call/ec (lambda (return) (let ((a (void))) (set! a 3)))))))

