(program
 (define a (void))
 (set-global!
  a
  (lambda ()
    (call/ec
     (lambda (return)
       (let ((b (void)))
         (set! b (lambda () (call/ec (lambda (return) (let () (void))))))))))))

