(program
 (define b (void))
 (define a (void))
 (set-global! a 3)
 (set-global!
  b
  (lambda ()
    (call/ec
     (lambda (return)
       (let ((a (void)) (c (void)))
         (set! a 4)
         (set! c (lambda () (call/ec (lambda (return) (let () (return a))))))
         (c)))))))

