(program (or (and 1 2) 3 (and (not #f) (or #t 3 (and 4 (or #f #t) #f)))))

