(program
 (define a (void))
 (set-global!
  a
  (lambda ()
    (call/ec
     (lambda (return)
       (let ((a (void)))
         (set! a (lambda () (call/ec (lambda (return) (let () (return 3))))))
         (return (+ (a) 3)))))))
 ((get-global a)))

