(program (define a (void)) (set-global! a 3) (set-global! a 3))

