(program
 (or (and (get-global a) (get-global b))
     3
     (and (not (get-global b))
          (or (get-global d)
              (get-global c)
              (and (get-global b)
                   (or (get-global c) (get-global d))
                   (get-global w))))))

